[2026-08-09T10:53:21Z] === unattended P2/P3 run starting ===
[2026-08-09T10:53:21Z] repo HEAD: aa95d92
[2026-08-09T10:53:21Z] scratch: C:/Temp/openwsfz_p23_scratch  workers: 8
[2026-08-09T10:53:21Z] runner PID: 2059072
[2026-08-09T10:53:21Z] P2: attempt 1/5 starting
DLL sha256: 39aa1031ad63fd7c882ae9093a3d6c4d681f1c45e2a4f3b4336ff6c3f45e0aba
in-window files: 2529
REF: 69222
partitions: 64, workers: 8
  partition 1/64 done (5.3 min elapsed)
  partition 2/64 done (5.6 min elapsed)
  partition 3/64 done (6.1 min elapsed)
  partition 4/64 done (6.2 min elapsed)
  partition 5/64 done (6.4 min elapsed)
  partition 6/64 done (6.5 min elapsed)
  partition 7/64 done (6.6 min elapsed)
  partition 8/64 done (6.6 min elapsed)
  partition 9/64 done (8.4 min elapsed)
  partition 10/64 done (10.0 min elapsed)
  partition 11/64 done (10.1 min elapsed)
  partition 12/64 done (10.2 min elapsed)
  partition 13/64 done (10.3 min elapsed)
  partition 14/64 done (10.7 min elapsed)
  partition 15/64 done (10.7 min elapsed)
  partition 16/64 done (11.7 min elapsed)
  partition 17/64 done (11.8 min elapsed)
  partition 18/64 done (13.3 min elapsed)
  partition 19/64 done (13.7 min elapsed)
  partition 20/64 done (15.0 min elapsed)
  partition 21/64 done (16.5 min elapsed)
  partition 22/64 done (17.0 min elapsed)
  partition 23/64 done (17.3 min elapsed)
  partition 24/64 done (18.4 min elapsed)
  partition 25/64 done (18.4 min elapsed)
  partition 26/64 done (19.9 min elapsed)
  partition 27/64 done (20.2 min elapsed)
  partition 28/64 done (21.4 min elapsed)
  partition 29/64 done (22.6 min elapsed)
  partition 30/64 done (22.8 min elapsed)
  partition 31/64 done (23.0 min elapsed)
  partition 32/64 done (24.4 min elapsed)
  partition 33/64 done (24.5 min elapsed)
  partition 34/64 done (25.9 min elapsed)
  partition 35/64 done (26.2 min elapsed)
  partition 36/64 done (27.7 min elapsed)
  partition 37/64 done (28.6 min elapsed)
  partition 38/64 done (28.9 min elapsed)
  partition 39/64 done (29.2 min elapsed)
  partition 40/64 done (30.2 min elapsed)
  partition 41/64 done (30.2 min elapsed)
  partition 42/64 done (30.7 min elapsed)
  partition 43/64 done (31.2 min elapsed)
  partition 44/64 done (32.4 min elapsed)
  partition 45/64 done (33.3 min elapsed)
  partition 46/64 done (33.3 min elapsed)
  partition 47/64 done (33.4 min elapsed)
  partition 48/64 done (34.6 min elapsed)
  partition 49/64 done (35.0 min elapsed)
  partition 50/64 done (35.4 min elapsed)
  partition 51/64 done (35.6 min elapsed)
  partition 52/64 done (36.8 min elapsed)
  partition 53/64 done (37.7 min elapsed)
  partition 54/64 done (37.8 min elapsed)
  partition 55/64 done (38.0 min elapsed)
  partition 56/64 done (39.0 min elapsed)
  partition 57/64 done (39.4 min elapsed)
  partition 58/64 done (39.9 min elapsed)
  partition 59/64 done (39.9 min elapsed)
  partition 60/64 done (40.1 min elapsed)
  partition 61/64 done (41.7 min elapsed)
  partition 62/64 done (42.4 min elapsed)
  partition 63/64 done (42.6 min elapsed)
  partition 64/64 done (42.8 min elapsed)
{
  "P": 0.0072231371529341,
  "REF": 69222,
  "R_by_scale": {
    "0.025": 56.33902516540984,
    "0.05": 56.33180202825691,
    "0.1": 56.34769292999336,
    "0.2": 56.34046979284042,
    "0.4": 56.33180202825691,
    "0.8": 56.34046979284042,
    "1.6": 56.33180202825691
  },
  "R_prod": 56.34046979284042,
  "argmax_is_endpoint": false,
  "arm": "P2",
  "decode_params": {
    "kMinScorePass2": 10,
    "osdCorrThreshold": 0.1,
    "osdNhardMax": 60
  },
  "dll_sha256": "39aa1031ad63fd7c882ae9093a3d6c4d681f1c45e2a4f3b4336ff6c3f45e0aba",
  "final_row": "ROW 2",
  "max_rms_err": 5.681845705041155e-08,
  "n_cycles": 2529,
  "n_decodes_by_scale": {
    "0.025": 47314,
    "0.05": 47377,
    "0.1": 47370,
    "0.2": 47318,
    "0.4": 47406,
    "0.8": 47368,
    "1.6": 47347
  },
  "n_replayed": 2529,
  "native_av_count": 0,
  "partitions": 64,
  "row0": null,
  "row0_reason": null,
  "s_star": "0.1",
  "scales": [
    0.025,
    0.05,
    0.1,
    0.2,
    0.4,
    0.8,
    1.6
  ],
  "shim_version": 20260035,
  "spec": "2026-08-09-0129-architect-to-qa-spec-p2-pcm-scale-and-p3-sublattice-shift-union.md",
  "spread": 0.015890901736447915,
  "wall_clock_min": 44.23233816623688,
  "workers": 8
}
FINAL ROW: ROW 2
[2026-08-09T11:37:35Z] P2: COMPLETED on attempt 1
[2026-08-09T11:37:35Z] P3: attempt 1/5 starting
DLL sha256: 39aa1031ad63fd7c882ae9093a3d6c4d681f1c45e2a4f3b4336ff6c3f45e0aba
in-window files: 2529
ROW 0d shift control (real audio, 1.0417 Hz applied)...
  mean reported delta = 1.0084 Hz over 356 matched messages, error 0.0332 Hz
REF: 69222
partitions: 64, workers: 8
  partition 1/64 done (4.5 min elapsed)
  partition 2/64 done (4.7 min elapsed)
  partition 3/64 done (5.1 min elapsed)
  partition 4/64 done (5.1 min elapsed)
  partition 5/64 done (5.3 min elapsed)
  partition 6/64 done (5.3 min elapsed)
  partition 7/64 done (5.4 min elapsed)
  partition 8/64 done (5.4 min elapsed)
  partition 9/64 done (6.8 min elapsed)
  partition 10/64 done (8.0 min elapsed)
  partition 11/64 done (8.1 min elapsed)
  partition 12/64 done (8.2 min elapsed)
  partition 13/64 done (8.3 min elapsed)
  partition 14/64 done (8.5 min elapsed)
  partition 15/64 done (8.5 min elapsed)
  partition 16/64 done (9.2 min elapsed)
  partition 17/64 done (9.3 min elapsed)
  partition 18/64 done (10.4 min elapsed)
  partition 19/64 done (10.6 min elapsed)
  partition 20/64 done (11.6 min elapsed)
  partition 21/64 done (12.7 min elapsed)
  partition 22/64 done (13.1 min elapsed)
  partition 23/64 done (13.3 min elapsed)
  partition 24/64 done (14.1 min elapsed)
  partition 25/64 done (14.2 min elapsed)
  partition 26/64 done (15.3 min elapsed)
  partition 27/64 done (15.6 min elapsed)
  partition 28/64 done (16.6 min elapsed)
  partition 29/64 done (17.7 min elapsed)
  partition 30/64 done (17.9 min elapsed)
  partition 31/64 done (18.0 min elapsed)
  partition 32/64 done (19.0 min elapsed)
  partition 33/64 done (19.2 min elapsed)
  partition 34/64 done (20.2 min elapsed)
  partition 35/64 done (20.4 min elapsed)
  partition 36/64 done (21.5 min elapsed)
  partition 37/64 done (22.5 min elapsed)
  partition 38/64 done (22.7 min elapsed)
  partition 39/64 done (22.9 min elapsed)
  partition 40/64 done (23.9 min elapsed)
  partition 41/64 done (24.0 min elapsed)
  partition 42/64 done (24.5 min elapsed)
  partition 43/64 done (24.9 min elapsed)
  partition 44/64 done (26.1 min elapsed)
  partition 45/64 done (26.9 min elapsed)
  partition 46/64 done (27.0 min elapsed)
  partition 47/64 done (27.1 min elapsed)
  partition 48/64 done (28.2 min elapsed)
  partition 49/64 done (28.7 min elapsed)
  partition 50/64 done (29.0 min elapsed)
  partition 51/64 done (29.3 min elapsed)
  partition 52/64 done (30.4 min elapsed)
  partition 53/64 done (31.3 min elapsed)
  partition 54/64 done (31.4 min elapsed)
  partition 55/64 done (31.6 min elapsed)
  partition 56/64 done (32.5 min elapsed)
  partition 57/64 done (33.1 min elapsed)
  partition 58/64 done (33.4 min elapsed)
  partition 59/64 done (33.4 min elapsed)
  partition 60/64 done (33.7 min elapsed)
  partition 61/64 done (34.9 min elapsed)
  partition 62/64 done (35.4 min elapsed)
  partition 63/64 done (35.5 min elapsed)
  partition 64/64 done (35.7 min elapsed)
{
  "REF": 69222,
  "R_base": 56.321689636242816,
  "SE_S_all": 0.08001417082726753,
  "S_all": 4.26598480251943,
  "S_freq": 2.4053046719251103,
  "S_time": 3.0106035653404986,
  "X_guard": 0.8969212510471936,
  "arm": "P3",
  "dll_sha256": "39aa1031ad63fd7c882ae9093a3d6c4d681f1c45e2a4f3b4336ff6c3f45e0aba",
  "final_row": "ROW 3",
  "freq_delta_hz": 1.0416666666666667,
  "n_base": 47319,
  "n_cycles": 2529,
  "n_decodes_by_leg": {
    "Fm": 47318,
    "Fp": 47433,
    "Tm": 47240,
    "Tp": 47389,
    "base": 47319
  },
  "n_gained": 28648,
  "n_replayed": 2529,
  "n_union": 75967,
  "native_av_count": 0,
  "partitions": 64,
  "row0": null,
  "row0_reason": null,
  "shift_control": {
    "deviation_from_spec": "real audio, not qa/rr-study/synth",
    "error_hz": 0.033239700374531944,
    "mean_reported_delta_hz": 1.0084269662921348,
    "n_matched": 356,
    "tolerance_hz": 0.25
  },
  "shim_version": 20260035,
  "spec": "2026-08-09-0129-architect-to-qa-spec-p2-pcm-scale-and-p3-sublattice-shift-union.md",
  "time_shift_samples": 320,
  "wall_clock_min": 36.06796874205271,
  "workers": 8
}
FINAL ROW: ROW 3
[2026-08-09T12:13:40Z] P3: COMPLETED on attempt 1
[2026-08-09T12:13:40Z] === run finished (P2 rc=0, P3 rc=0) -- runner exiting, no supervisor left behind ===
