==============================================================================
F-001 D3 ARM 1D -- run_arm1d.py -- repo main @ c3cd550
==============================================================================
Loading decode dumps + reference ALL.TXT (no rebuild, no replay)...
------------------------------------------------------------------------------
ROW 0a -- input identity
  L2_run1: {'dll_sha256': 'bc8efcf148046f199c057b62c7987c4b69f2dc62d72509458a671305ab051d7f', 'shim_version': 20260046, 'n_decodes': 71600, 'n_records': 71600} ; reference rows=43423 (expect 43423)
  ROW 0a: PASS
------------------------------------------------------------------------------
ROW 0b -- population + label reproduction (REPRODUCTION row, not discovery)
  ARM 1B reproduction: k=243 (expect 243) n=115 (expect 115) disagreeing=92 (expect 92)
  all decodes present in the leg: 243/243 (expect 243/243)
  KNOWN=206 (expect 206) ; UNKNOWN disagreeing=4 (expect 4) agreeing=33 (expect 33)
  ROW C units=59 (expect 59) ; ROW D units=56 (expect 56)
  ROW 0b: PASS
------------------------------------------------------------------------------
ROW 0c -- predicate coherence, STRUCTURAL ONLY
  queries checked=1868 ; clause1 (none<=>zero) exceptions=0
  ROW 0c: PASS (bar: 100%, zero exceptions)
------------------------------------------------------------------------------
ROW 0d -- ignorance-width reproduction
  ROW C units carrying an UNKNOWN disagreeing decode = 3 (expect 3)
  ROW D units carrying any UNKNOWN decode            = 7 (expect 7)
  ROW 0d: PASS (bar: exact match)
------------------------------------------------------------------------------
ROW 0e -- assignment-leak check + two-pass adversarial driver
  KNOWN-decode assignment-leak exceptions = 0 (expect 0)
  rescued_min=33 (unknown_as=False) rescued_max=36 (unknown_as=True) [n=59]
  lost_min=20 (unknown_as=False) lost_max=27 (unknown_as=True) [n=56]
  ROW 0e: PASS
------------------------------------------------------------------------------
ROW 0g -- predicate-movement exhibit (HK-021(q))
  worked example (candidate #1): original=CS-068661 matches12 1 -> 2 ; unit unambiguous -> ambiguous
  ROW 0g: PASS
------------------------------------------------------------------------------
ROW 0h -- stated, not gated
  table-freeze exposure: 144/243 = 59.3% of gate decodes issued AFTER the table froze (expect 144/243)
  carried error channel: simulator found NOTHING where the real build resolved = 20/1868 = 1.1% (expect 20/1868)
==============================================================================
Sec.5 -- gates, unit=callsign, interval bounds from the two-pass driver
------------------------------------------------------------------------------
ROW C -- rescue (n=59)
  rescued_min=33 (55.9%) CP one-sided 95% lower=0.4442  |  rescued_max=36 (61.0%) CP one-sided 95% upper=0.7169
  -> ROW C3
------------------------------------------------------------------------------
ROW D -- cost (n=56)
  lost_min=20 (35.7%) CP one-sided 95% lower=0.2508  |  lost_max=27 (48.2%) CP one-sided 95% upper=0.5995
  -> ROW D3
------------------------------------------------------------------------------
ROW E -- post-rule agreement among survivors (descriptive, ungated, INTERVAL)
  unknown_as=False: agree=97 disagree=32 p=75.2%
  unknown_as=True : agree=64 disagree=28 p=69.6%
  interval: [69.6%, 75.2%]
  HK-021(u) -- ARM 1B baseline, SAME sentence: 62.1%% (151/243)
------------------------------------------------------------------------------
Contingency -- KNOWN, matches12==1 (unique match), and WRONG: 28
  (ceiling on any suppression-based remedy: the correct entry was never resident)
==============================================================================
Part B -- multiplicity distribution at 32,768 (descriptive, NOT adjudicated)
  ambiguous share @4096 = 950/1868 = 50.9%
  ambiguous share @32768 = 1465/1868 = 78.4%
------------------------------------------------------------------------------
ROW 0f -- determinism, OUT OF PROCESS, different PYTHONHASHSEED
  seed A=11111 seed B=999983 -- result.json byte-identical: True
  ROW 0f: PASS
