Run directory: results\2026-08-31-r3-1900804
  Device 'Voicemeeter AUX Input' matched 3 host-API entries; selected [80] Voicemeeter AUX Input (VB-Audio Voicemeeter VAIO) via Windows WASAPI (48000 Hz).
[S7] Part 1/21  Trial 1/5  SNR=N/A  seed=1928618341  cycle=2026-08-31T18:47:30Z
[S7] Part 1/21  Trial 2/5  SNR=N/A  seed=1519748887  cycle=2026-08-31T18:47:45Z
[S7] Part 1/21  Trial 3/5  SNR=N/A  seed=1888808097  cycle=2026-08-31T18:48:00Z
[S7] Part 1/21  Trial 4/5  SNR=N/A  seed=1567484507  cycle=2026-08-31T18:48:15Z
[S7] Part 1/21  Trial 5/5  SNR=N/A  seed=1587104087  cycle=2026-08-31T18:48:30Z
[S7] Part 2/21  Trial 1/5  SNR=N/A  seed=1163046826  cycle=2026-08-31T18:48:45Z
[S7] Part 2/21  Trial 2/5  SNR=N/A  seed=641673168  cycle=2026-08-31T18:49:00Z
[S7] Part 2/21  Trial 3/5  SNR=N/A  seed=1425528308  cycle=2026-08-31T18:49:15Z
[S7] Part 2/21  Trial 4/5  SNR=N/A  seed=961284984  cycle=2026-08-31T18:49:30Z
[S7] Part 2/21  Trial 5/5  SNR=N/A  seed=990723452  cycle=2026-08-31T18:49:45Z
[S7] Part 3/21  Trial 1/5  SNR=N/A  seed=98455044  cycle=2026-08-31T18:50:00Z
[S7] Part 3/21  Trial 2/5  SNR=N/A  seed=1384128433  cycle=2026-08-31T18:50:15Z
[S7] Part 3/21  Trial 3/5  SNR=N/A  seed=1361330484  cycle=2026-08-31T18:50:30Z
[S7] Part 3/21  Trial 4/5  SNR=N/A  seed=1078092554  cycle=2026-08-31T18:50:45Z
[S7] Part 3/21  Trial 5/5  SNR=N/A  seed=924921264  cycle=2026-08-31T18:51:00Z
[S7] Part 4/21  Trial 1/5  SNR=N/A  seed=763598906  cycle=2026-08-31T18:51:15Z
[S7] Part 4/21  Trial 2/5  SNR=N/A  seed=1480126732  cycle=2026-08-31T18:51:30Z
[S7] Part 4/21  Trial 3/5  SNR=N/A  seed=348040279  cycle=2026-08-31T18:51:45Z
[S7] Part 4/21  Trial 4/5  SNR=N/A  seed=750677479  cycle=2026-08-31T18:52:00Z
[S7] Part 4/21  Trial 5/5  SNR=N/A  seed=258894362  cycle=2026-08-31T18:52:15Z
  … 20 trial(s) played back-to-back (14400000 samples)
[S7] Part 5/21  Trial 1/5  SNR=N/A  seed=139254338  cycle=2026-08-31T18:52:45Z
[S7] Part 5/21  Trial 2/5  SNR=N/A  seed=1221387494  cycle=2026-08-31T18:53:00Z
[S7] Part 5/21  Trial 3/5  SNR=N/A  seed=1203773898  cycle=2026-08-31T18:53:15Z
[S7] Part 5/21  Trial 4/5  SNR=N/A  seed=43333996  cycle=2026-08-31T18:53:30Z
[S7] Part 5/21  Trial 5/5  SNR=N/A  seed=1033654550  cycle=2026-08-31T18:53:45Z
[S7] Part 6/21  Trial 1/5  SNR=N/A  seed=600798252  cycle=2026-08-31T18:54:00Z
[S7] Part 6/21  Trial 2/5  SNR=N/A  seed=1358512429  cycle=2026-08-31T18:54:15Z
[S7] Part 6/21  Trial 3/5  SNR=N/A  seed=475029750  cycle=2026-08-31T18:54:30Z
[S7] Part 6/21  Trial 4/5  SNR=N/A  seed=686156291  cycle=2026-08-31T18:54:45Z
[S7] Part 6/21  Trial 5/5  SNR=N/A  seed=1322737522  cycle=2026-08-31T18:55:00Z
[S7] Part 7/21  Trial 1/5  SNR=N/A  seed=1641734052  cycle=2026-08-31T18:55:15Z
[S7] Part 7/21  Trial 2/5  SNR=N/A  seed=67837340  cycle=2026-08-31T18:55:30Z
[S7] Part 7/21  Trial 3/5  SNR=N/A  seed=1202997263  cycle=2026-08-31T18:55:45Z
[S7] Part 7/21  Trial 4/5  SNR=N/A  seed=902359725  cycle=2026-08-31T18:56:00Z
[S7] Part 7/21  Trial 5/5  SNR=N/A  seed=291698731  cycle=2026-08-31T18:56:15Z
[S7] Part 8/21  Trial 1/5  SNR=N/A  seed=526185734  cycle=2026-08-31T18:56:30Z
[S7] Part 8/21  Trial 2/5  SNR=N/A  seed=318655740  cycle=2026-08-31T18:56:45Z
[S7] Part 8/21  Trial 3/5  SNR=N/A  seed=1737849473  cycle=2026-08-31T18:57:00Z
[S7] Part 8/21  Trial 4/5  SNR=N/A  seed=438300082  cycle=2026-08-31T18:57:15Z
[S7] Part 8/21  Trial 5/5  SNR=N/A  seed=994742111  cycle=2026-08-31T18:57:30Z
  … 20 trial(s) played back-to-back (14400000 samples)
[S7] Part 9/21  Trial 1/5  SNR=N/A  seed=434073307  cycle=2026-08-31T18:58:00Z
[S7] Part 9/21  Trial 2/5  SNR=N/A  seed=1584181983  cycle=2026-08-31T18:58:15Z
[S7] Part 9/21  Trial 3/5  SNR=N/A  seed=69311790  cycle=2026-08-31T18:58:30Z
[S7] Part 9/21  Trial 4/5  SNR=N/A  seed=449200011  cycle=2026-08-31T18:58:45Z
[S7] Part 9/21  Trial 5/5  SNR=N/A  seed=63363653  cycle=2026-08-31T18:59:00Z
[S7] Part 10/21  Trial 1/5  SNR=N/A  seed=244638474  cycle=2026-08-31T18:59:15Z
[S7] Part 10/21  Trial 2/5  SNR=N/A  seed=1024747382  cycle=2026-08-31T18:59:30Z
[S7] Part 10/21  Trial 3/5  SNR=N/A  seed=1710014650  cycle=2026-08-31T18:59:45Z
[S7] Part 10/21  Trial 4/5  SNR=N/A  seed=884232894  cycle=2026-08-31T19:00:00Z
[S7] Part 10/21  Trial 5/5  SNR=N/A  seed=381684354  cycle=2026-08-31T19:00:15Z
[S7] Part 11/21  Trial 1/5  SNR=N/A  seed=1725325771  cycle=2026-08-31T19:00:30Z
[S7] Part 11/21  Trial 2/5  SNR=N/A  seed=225898935  cycle=2026-08-31T19:00:45Z
[S7] Part 11/21  Trial 3/5  SNR=N/A  seed=121109330  cycle=2026-08-31T19:01:00Z
[S7] Part 11/21  Trial 4/5  SNR=N/A  seed=1579862089  cycle=2026-08-31T19:01:15Z
[S7] Part 11/21  Trial 5/5  SNR=N/A  seed=535444324  cycle=2026-08-31T19:01:30Z
[S7] Part 12/21  Trial 1/5  SNR=N/A  seed=204855309  cycle=2026-08-31T19:01:45Z
[S7] Part 12/21  Trial 2/5  SNR=N/A  seed=469311326  cycle=2026-08-31T19:02:00Z
[S7] Part 12/21  Trial 3/5  SNR=N/A  seed=1591257218  cycle=2026-08-31T19:02:15Z
[S7] Part 12/21  Trial 4/5  SNR=N/A  seed=912460123  cycle=2026-08-31T19:02:30Z
[S7] Part 12/21  Trial 5/5  SNR=N/A  seed=1430561939  cycle=2026-08-31T19:02:45Z
  … 20 trial(s) played back-to-back (14400000 samples)
[S7] Part 13/21  Trial 1/5  SNR=N/A  seed=516013663  cycle=2026-08-31T19:03:15Z
[S7] Part 13/21  Trial 2/5  SNR=N/A  seed=603633460  cycle=2026-08-31T19:03:30Z
[S7] Part 13/21  Trial 3/5  SNR=N/A  seed=71905326  cycle=2026-08-31T19:03:45Z
[S7] Part 13/21  Trial 4/5  SNR=N/A  seed=1310018168  cycle=2026-08-31T19:04:00Z
[S7] Part 13/21  Trial 5/5  SNR=N/A  seed=1348406889  cycle=2026-08-31T19:04:15Z
[S7] Part 14/21  Trial 1/5  SNR=N/A  seed=1579884569  cycle=2026-08-31T19:04:30Z
[S7] Part 14/21  Trial 2/5  SNR=N/A  seed=1427301707  cycle=2026-08-31T19:04:45Z
[S7] Part 14/21  Trial 3/5  SNR=N/A  seed=773490239  cycle=2026-08-31T19:05:00Z
[S7] Part 14/21  Trial 4/5  SNR=N/A  seed=811508310  cycle=2026-08-31T19:05:15Z
[S7] Part 14/21  Trial 5/5  SNR=N/A  seed=1152378489  cycle=2026-08-31T19:05:30Z
[S7] Part 15/21  Trial 1/5  SNR=N/A  seed=169517745  cycle=2026-08-31T19:05:45Z
[S7] Part 15/21  Trial 2/5  SNR=N/A  seed=1958578526  cycle=2026-08-31T19:06:00Z
[S7] Part 15/21  Trial 3/5  SNR=N/A  seed=300372675  cycle=2026-08-31T19:06:15Z
[S7] Part 15/21  Trial 4/5  SNR=N/A  seed=1706399720  cycle=2026-08-31T19:06:30Z
[S7] Part 15/21  Trial 5/5  SNR=N/A  seed=1200012924  cycle=2026-08-31T19:06:45Z
[S7] Part 16/21  Trial 1/5  SNR=N/A  seed=1755520088  cycle=2026-08-31T19:07:00Z
[S7] Part 16/21  Trial 2/5  SNR=N/A  seed=1047827504  cycle=2026-08-31T19:07:15Z
[S7] Part 16/21  Trial 3/5  SNR=N/A  seed=1284285689  cycle=2026-08-31T19:07:30Z
[S7] Part 16/21  Trial 4/5  SNR=N/A  seed=734715196  cycle=2026-08-31T19:07:45Z
[S7] Part 16/21  Trial 5/5  SNR=N/A  seed=1450783488  cycle=2026-08-31T19:08:00Z
  … 20 trial(s) played back-to-back (14400000 samples)
[S7] Part 17/21  Trial 1/5  SNR=N/A  seed=313172177  cycle=2026-08-31T19:08:30Z
[S7] Part 17/21  Trial 2/5  SNR=N/A  seed=95670008  cycle=2026-08-31T19:08:45Z
[S7] Part 17/21  Trial 3/5  SNR=N/A  seed=762227068  cycle=2026-08-31T19:09:00Z
[S7] Part 17/21  Trial 4/5  SNR=N/A  seed=804352794  cycle=2026-08-31T19:09:15Z
[S7] Part 17/21  Trial 5/5  SNR=N/A  seed=1354763437  cycle=2026-08-31T19:09:30Z
[S7] Part 18/21  Trial 1/5  SNR=N/A  seed=1440417717  cycle=2026-08-31T19:09:45Z
[S7] Part 18/21  Trial 2/5  SNR=N/A  seed=1958295760  cycle=2026-08-31T19:10:00Z
[S7] Part 18/21  Trial 3/5  SNR=N/A  seed=1141094124  cycle=2026-08-31T19:10:15Z
[S7] Part 18/21  Trial 4/5  SNR=N/A  seed=678609270  cycle=2026-08-31T19:10:30Z
[S7] Part 18/21  Trial 5/5  SNR=N/A  seed=2097649527  cycle=2026-08-31T19:10:45Z
[S7] Part 19/21  Trial 1/5  SNR=N/A  seed=54616312  cycle=2026-08-31T19:11:00Z
[S7] Part 19/21  Trial 2/5  SNR=N/A  seed=952590612  cycle=2026-08-31T19:11:15Z
[S7] Part 19/21  Trial 3/5  SNR=N/A  seed=42992291  cycle=2026-08-31T19:11:30Z
[S7] Part 19/21  Trial 4/5  SNR=N/A  seed=1754123281  cycle=2026-08-31T19:11:45Z
[S7] Part 19/21  Trial 5/5  SNR=N/A  seed=2136748643  cycle=2026-08-31T19:12:00Z
[S7] Part 20/21  Trial 1/5  SNR=N/A  seed=2055416690  cycle=2026-08-31T19:12:15Z
[S7] Part 20/21  Trial 2/5  SNR=N/A  seed=2007325368  cycle=2026-08-31T19:12:30Z
[S7] Part 20/21  Trial 3/5  SNR=N/A  seed=1837273558  cycle=2026-08-31T19:12:45Z
[S7] Part 20/21  Trial 4/5  SNR=N/A  seed=1703565559  cycle=2026-08-31T19:13:00Z
[S7] Part 20/21  Trial 5/5  SNR=N/A  seed=989415578  cycle=2026-08-31T19:13:15Z
  … 20 trial(s) played back-to-back (14400000 samples)
[S7] Part 21/21  Trial 1/5  SNR=N/A  seed=11753295  cycle=2026-08-31T19:13:45Z
[S7] Part 21/21  Trial 2/5  SNR=N/A  seed=127051996  cycle=2026-08-31T19:14:00Z
[S7] Part 21/21  Trial 3/5  SNR=N/A  seed=1814410164  cycle=2026-08-31T19:14:15Z
[S7] Part 21/21  Trial 4/5  SNR=N/A  seed=622957244  cycle=2026-08-31T19:14:30Z
[S7] Part 21/21  Trial 5/5  SNR=N/A  seed=1019946476  cycle=2026-08-31T19:14:45Z
  … 5 trial(s) played back-to-back (3600000 samples)

Scenario S7 complete — 105 trials injected. Truth: results\2026-08-31-r3-1900804\truth.csv
