[15:45:50Z] Daemon launched, pid=25932, port=8099, stdout -> qa\cycleframer-alignment-replay\2026-08-04-isolated-replay-rerun\arm-A\_work\daemon_run\daemon_stdout.log
[15:45:52Z] Daemon ready: {'state': 'Running', 'version': '0.47', 'audioDevice': None, 'captureActive': False, 'audioActive': False, 'decodingEnabled': True, 'dialFrequencyMHz': 0, 'catConnectionStatus': 'Disabled', 'rxAudioOffsetHz': 1500, 'txAudioOffsetHz': 1500, 'holdTxFreq': False, 'shimVersion': 20260033, 'hashTableRejectCount': 0, 'cycleArchiveDroppedCycles': 0}
[15:45:55Z] Capture device: CABLE Output (VB-Audio Virtual Cable) ({0.0.1.00000000}.{ecb41d74-1aa5-43b1-ac89-b69e40510f00})
[15:45:59Z] Config applied (audio device + Debug file logging + ALL.TXT logging).
[15:46:01Z] Decode started.
[15:46:05Z] Output device: [26] CABLE Input (VB-Audio Virtual C
[15:46:07Z] 
=== Stratum: < -15 dB -- target 20 reproduced, up to 60 tries ===
[15:46:49Z]   [1/60] 260801_102800 @ 1687Hz (-17 dB) -> DECODED-ON-REPLAY (excluded from split)
[15:47:34Z]   [2/60] 260801_222530 @ 2471Hz (-19 dB) -> reproduced, prelim=ambiguous_busy_passband, total_candidates=340, n_blocks_seen=3 (1/20 collected)
[15:48:19Z]   [3/60] 260801_091215 @ 2782Hz (-16 dB) -> DECODED-ON-REPLAY (excluded from split)
[15:49:04Z]   [4/60] 260801_124200 @ 1330Hz (-24 dB) -> reproduced, prelim=ambiguous_busy_passband, total_candidates=332, n_blocks_seen=3 (2/20 collected)
[15:49:49Z]   [5/60] 260801_225330 @ 1352Hz (-16 dB) -> reproduced, prelim=ambiguous_busy_passband, total_candidates=340, n_blocks_seen=3 (3/20 collected)
[15:50:34Z]   [6/60] 260801_093700 @ 1329Hz (-22 dB) -> DECODED-ON-REPLAY (excluded from split)
[15:51:19Z]   [7/60] 260801_003745 @ 2118Hz (-19 dB) -> reproduced, prelim=ambiguous_busy_passband, total_candidates=310, n_blocks_seen=3 (4/20 collected)
[15:52:04Z]   [8/60] 260802_152615 @ 1034Hz (-18 dB) -> reproduced, prelim=ambiguous_busy_passband, total_candidates=340, n_blocks_seen=3 (5/20 collected)
[15:52:49Z]   [9/60] 260802_073030 @ 656Hz (-18 dB) -> DECODED-ON-REPLAY (excluded from split)
[15:53:34Z]   [10/60] 260801_192430 @ 3070Hz (-17 dB) -> reproduced, prelim=ambiguous_busy_passband, total_candidates=340, n_blocks_seen=3 (6/20 collected)
[15:54:19Z]   [11/60] 260801_162315 @ 2131Hz (-16 dB) -> DECODED-ON-REPLAY (excluded from split)
[15:55:04Z]   [12/60] 260801_010800 @ 2844Hz (-18 dB) -> DECODED-ON-REPLAY (excluded from split)
[15:55:49Z]   [13/60] 260731_201630 @ 2860Hz (-24 dB) -> reproduced, prelim=ambiguous_busy_passband, total_candidates=340, n_blocks_seen=3 (7/20 collected)
[15:56:34Z]   [14/60] 260801_235200 @ 2780Hz (-21 dB) -> reproduced, prelim=ambiguous_busy_passband, total_candidates=340, n_blocks_seen=3 (8/20 collected)
[15:57:19Z]   [15/60] 260801_170430 @ 2854Hz (-18 dB) -> DECODED-ON-REPLAY (excluded from split)
[15:58:04Z]   [16/60] 260801_231400 @ 1502Hz (-21 dB) -> reproduced, prelim=ambiguous_busy_passband, total_candidates=340, n_blocks_seen=3 (9/20 collected)
[15:58:49Z]   [17/60] 260801_223900 @ 551Hz (-17 dB) -> reproduced, prelim=ambiguous_busy_passband, total_candidates=340, n_blocks_seen=3 (10/20 collected)
[15:59:34Z]   [18/60] 260802_114300 @ 1054Hz (-16 dB) -> DECODED-ON-REPLAY (excluded from split)
[16:00:19Z]   [19/60] 260801_083915 @ 1319Hz (-18 dB) -> reproduced, prelim=ambiguous_busy_passband, total_candidates=340, n_blocks_seen=3 (11/20 collected)
[16:01:04Z]   [20/60] 260801_174100 @ 1384Hz (-17 dB) -> DECODED-ON-REPLAY (excluded from split)
[16:01:49Z]   [21/60] 260802_022815 @ 2065Hz (-21 dB) -> reproduced, prelim=ambiguous_busy_passband, total_candidates=340, n_blocks_seen=3 (12/20 collected)
[16:02:34Z]   [22/60] 260801_182300 @ 2832Hz (-24 dB) -> reproduced, prelim=ambiguous_busy_passband, total_candidates=340, n_blocks_seen=3 (13/20 collected)
[16:03:19Z]   [23/60] 260801_231100 @ 1456Hz (-21 dB) -> reproduced, prelim=ambiguous_busy_passband, total_candidates=340, n_blocks_seen=3 (14/20 collected)
[16:04:04Z]   [24/60] 260801_025015 @ 1006Hz (-17 dB) -> DECODED-ON-REPLAY (excluded from split)
[16:04:49Z]   [25/60] 260802_082615 @ 887Hz (-21 dB) -> reproduced, prelim=ambiguous_busy_passband, total_candidates=340, n_blocks_seen=3 (15/20 collected)
[16:05:34Z]   [26/60] 260801_073800 @ 1798Hz (-24 dB) -> reproduced, prelim=ambiguous_busy_passband, total_candidates=340, n_blocks_seen=3 (16/20 collected)
[16:06:19Z]   [27/60] 260801_082545 @ 676Hz (-16 dB) -> reproduced, prelim=ambiguous_busy_passband, total_candidates=340, n_blocks_seen=3 (17/20 collected)
[16:07:04Z]   [28/60] 260801_161330 @ 2844Hz (-16 dB) -> DECODED-ON-REPLAY (excluded from split)
[16:07:49Z]   [29/60] 260731_225645 @ 2465Hz (-19 dB) -> reproduced, prelim=ambiguous_busy_passband, total_candidates=340, n_blocks_seen=3 (18/20 collected)
[16:08:34Z]   [30/60] 260802_091430 @ 1806Hz (-16 dB) -> DECODED-ON-REPLAY (excluded from split)
[16:09:19Z]   [31/60] 260801_160530 @ 2367Hz (-16 dB) -> DECODED-ON-REPLAY (excluded from split)
[16:10:04Z]   [32/60] 260731_214215 @ 1071Hz (-19 dB) -> reproduced, prelim=ambiguous_busy_passband, total_candidates=340, n_blocks_seen=3 (19/20 collected)
[16:10:49Z]   [33/60] 260802_100230 @ 1891Hz (-17 dB) -> DECODED-ON-REPLAY (excluded from split)
[16:11:34Z]   [34/60] 260802_101330 @ 1755Hz (-20 dB) -> DECODED-ON-REPLAY (excluded from split)
[16:12:19Z]   [35/60] 260802_101645 @ 1051Hz (-24 dB) -> reproduced, prelim=ambiguous_busy_passband, total_candidates=340, n_blocks_seen=3 (20/20 collected)
[16:12:19Z] 
=== Stratum: -15..-10 dB -- target 20 reproduced, up to 60 tries ===
[16:13:04Z]   [1/60] 260802_103615 @ 619Hz (-11 dB) -> reproduced, prelim=ambiguous_busy_passband, total_candidates=340, n_blocks_seen=3 (1/20 collected)
[16:13:49Z]   [2/60] 260801_192300 @ 548Hz (-12 dB) -> reproduced, prelim=ambiguous_busy_passband, total_candidates=340, n_blocks_seen=3 (2/20 collected)
[16:14:34Z]   [3/60] 260801_105200 @ 941Hz (-15 dB) -> DECODED-ON-REPLAY (excluded from split)
[16:15:19Z]   [4/60] 260801_025300 @ 1296Hz (-11 dB) -> DECODED-ON-REPLAY (excluded from split)
[16:16:04Z]   [5/60] 260801_090645 @ 2726Hz (-14 dB) -> DECODED-ON-REPLAY (excluded from split)
[16:16:49Z]   [6/60] 260731_203900 @ 1493Hz (-12 dB) -> reproduced, prelim=ambiguous_busy_passband, total_candidates=340, n_blocks_seen=3 (3/20 collected)
[16:17:34Z]   [7/60] 260801_082815 @ 663Hz (-15 dB) -> reproduced, prelim=ambiguous_busy_passband, total_candidates=340, n_blocks_seen=3 (4/20 collected)
[16:18:19Z]   [8/60] 260801_103915 @ 2285Hz (-14 dB) -> DECODED-ON-REPLAY (excluded from split)
[16:19:04Z]   [9/60] 260801_220415 @ 2556Hz (-12 dB) -> DECODED-ON-REPLAY (excluded from split)
[16:19:49Z]   [10/60] 260802_122330 @ 1577Hz (-14 dB) -> DECODED-ON-REPLAY (excluded from split)
[16:20:34Z]   [11/60] 260801_100530 @ 2547Hz (-11 dB) -> DECODED-ON-REPLAY (excluded from split)
[16:21:19Z]   [12/60] 260802_053200 @ 657Hz (-12 dB) -> DECODED-ON-REPLAY (excluded from split)
[16:22:04Z]   [13/60] 260802_142200 @ 852Hz (-13 dB) -> reproduced, prelim=ambiguous_busy_passband, total_candidates=340, n_blocks_seen=3 (5/20 collected)
[16:22:49Z]   [14/60] 260801_221015 @ 1924Hz (-13 dB) -> DECODED-ON-REPLAY (excluded from split)
[16:23:34Z]   [15/60] 260801_050330 @ 2898Hz (-11 dB) -> DECODED-ON-REPLAY (excluded from split)
[16:24:19Z]   [16/60] 260801_013145 @ 941Hz (-14 dB) -> DECODED-ON-REPLAY (excluded from split)
[16:25:04Z]   [17/60] 260801_094700 @ 1686Hz (-13 dB) -> DECODED-ON-REPLAY (excluded from split)
[16:25:49Z]   [18/60] 260801_032830 @ 1499Hz (-14 dB) -> DECODED-ON-REPLAY (excluded from split)
[16:26:34Z]   [19/60] 260801_173630 @ 2367Hz (-13 dB) -> reproduced, prelim=ambiguous_busy_passband, total_candidates=340, n_blocks_seen=3 (6/20 collected)
[16:27:19Z]   [20/60] 260801_173545 @ 1495Hz (-13 dB) -> DECODED-ON-REPLAY (excluded from split)
[16:28:04Z]   [21/60] 260802_012345 @ 2486Hz (-11 dB) -> reproduced, prelim=ambiguous_busy_passband, total_candidates=340, n_blocks_seen=3 (7/20 collected)
[16:28:49Z]   [22/60] 260801_030415 @ 2123Hz (-11 dB) -> reproduced, prelim=ambiguous_busy_passband, total_candidates=336, n_blocks_seen=3 (8/20 collected)
[16:29:34Z]   [23/60] 260802_080430 @ 2416Hz (-12 dB) -> DECODED-ON-REPLAY (excluded from split)
[16:30:19Z]   [24/60] 260802_052745 @ 842Hz (-15 dB) -> reproduced, prelim=ambiguous_busy_passband, total_candidates=340, n_blocks_seen=3 (9/20 collected)
[16:31:04Z]   [25/60] 260801_171200 @ 1439Hz (-12 dB) -> DECODED-ON-REPLAY (excluded from split)
[16:31:49Z]   [26/60] 260802_123215 @ 1054Hz (-15 dB) -> reproduced, prelim=ambiguous_busy_passband, total_candidates=340, n_blocks_seen=3 (10/20 collected)
[16:32:34Z]   [27/60] 260802_085215 @ 996Hz (-14 dB) -> DECODED-ON-REPLAY (excluded from split)
[16:33:19Z]   [28/60] 260801_201800 @ 2728Hz (-11 dB) -> DECODED-ON-REPLAY (excluded from split)
[16:34:04Z]   [29/60] 260731_230115 @ 1693Hz (-12 dB) -> reproduced, prelim=ambiguous_busy_passband, total_candidates=340, n_blocks_seen=3 (11/20 collected)
[16:34:49Z]   [30/60] 260802_105700 @ 2445Hz (-13 dB) -> DECODED-ON-REPLAY (excluded from split)
[16:35:34Z]   [31/60] 260801_201130 @ 1595Hz (-14 dB) -> DECODED-ON-REPLAY (excluded from split)
[16:36:19Z]   [32/60] 260801_053445 @ 2045Hz (-15 dB) -> DECODED-ON-REPLAY (excluded from split)
[16:37:04Z]   [33/60] 260802_114600 @ 997Hz (-14 dB) -> DECODED-ON-REPLAY (excluded from split)
[16:37:49Z]   [34/60] 260731_220515 @ 2297Hz (-14 dB) -> reproduced, prelim=ambiguous_busy_passband, total_candidates=340, n_blocks_seen=3 (12/20 collected)
[16:38:34Z]   [35/60] 260802_123115 @ 518Hz (-12 dB) -> reproduced, prelim=ambiguous_busy_passband, total_candidates=340, n_blocks_seen=3 (13/20 collected)
[16:39:19Z]   [36/60] 260801_165830 @ 2537Hz (-15 dB) -> reproduced, prelim=ambiguous_busy_passband, total_candidates=340, n_blocks_seen=3 (14/20 collected)
[16:40:04Z]   [37/60] 260801_030745 @ 2239Hz (-12 dB) -> DECODED-ON-REPLAY (excluded from split)
[16:40:49Z]   [38/60] 260731_225245 @ 2714Hz (-13 dB) -> reproduced, prelim=ambiguous_busy_passband, total_candidates=340, n_blocks_seen=3 (15/20 collected)
[16:41:34Z]   [39/60] 260802_023100 @ 2049Hz (-11 dB) -> reproduced, prelim=ambiguous_busy_passband, total_candidates=340, n_blocks_seen=3 (16/20 collected)
[16:42:19Z]   [40/60] 260801_220245 @ 137Hz (-14 dB) -> reproduced, prelim=ambiguous_busy_passband, total_candidates=340, n_blocks_seen=3 (17/20 collected)
[16:43:04Z]   [41/60] 260802_134945 @ 1400Hz (-11 dB) -> DECODED-ON-REPLAY (excluded from split)
[16:43:49Z]   [42/60] 260801_035430 @ 1551Hz (-15 dB) -> DECODED-ON-REPLAY (excluded from split)
[16:44:34Z]   [43/60] 260801_092230 @ 2557Hz (-12 dB) -> DECODED-ON-REPLAY (excluded from split)
[16:45:19Z]   [44/60] 260802_111345 @ 2772Hz (-11 dB) -> DECODED-ON-REPLAY (excluded from split)
[16:46:04Z]   [45/60] 260802_050945 @ 1441Hz (-12 dB) -> reproduced, prelim=ambiguous_busy_passband, total_candidates=340, n_blocks_seen=3 (18/20 collected)
[16:46:49Z]   [46/60] 260802_074400 @ 2457Hz (-15 dB) -> DECODED-ON-REPLAY (excluded from split)
[16:47:34Z]   [47/60] 260801_043800 @ 948Hz (-12 dB) -> DECODED-ON-REPLAY (excluded from split)
[16:48:19Z]   [48/60] 260731_222200 @ 3016Hz (-13 dB) -> reproduced, prelim=ambiguous_busy_passband, total_candidates=340, n_blocks_seen=3 (19/20 collected)
[16:49:04Z]   [49/60] 260801_164845 @ 1864Hz (-13 dB) -> DECODED-ON-REPLAY (excluded from split)
[16:49:49Z]   [50/60] 260802_142400 @ 688Hz (-15 dB) -> reproduced, prelim=ambiguous_busy_passband, total_candidates=340, n_blocks_seen=3 (20/20 collected)
[16:49:49Z] 
No reproduced miss had <=3 total candidates -- skipping the reference-pool run.
[16:49:49Z] 
Results (committed, no message text) written to qa\cycleframer-alignment-replay\2026-08-04-isolated-replay-rerun\arm-A\results.json
[16:49:49Z] 
< -15 dB: tried=35 decoded_on_replay=15 reproduced=20
[16:49:49Z]     ambiguous_busy_passband: 20
[16:49:49Z] 
-15..-10 dB: tried=50 decoded_on_replay=30 reproduced=20
[16:49:49Z]     ambiguous_busy_passband: 20
[16:49:51Z] Daemon (pid=25932) stopped.
